// Vitest Snapshot v1, https://vitest.dev/guide/snapshot.html

exports[`schema {"name":"<key>","deprecated":{"value":"<value>"},"redirect":"<transfer-key>"} with input {"<key>":"<value>"} 1`] = `
[
  { "<key>": "<value>" } is deprecated; we now treat it as { "<transfer-key>": "<value>" }.,
]
`;

exports[`schema {"name":"<key>","deprecated":{"value":"<value>"},"redirect":{"key":"<transfer-key>","value":"<transfer-value>"}} with input {"<key>":"<value>"} 1`] = `
[
  { "<key>": "<value>" } is deprecated; we now treat it as { "<transfer-key>": "<transfer-value>" }.,
]
`;

exports[`schema {"name":"<key>","deprecated":{"value":"<value>"}} with input {"<key>":"<value>"} 1`] = `
[
  { "<key>": "<value>" } is deprecated.,
]
`;

exports[`schema {"name":"<key>","deprecated":true,"redirect":"<transfer-key>"} with input {"<key>":"<value>"} 1`] = `
[
  "<key>" is deprecated; we now treat it as "<transfer-key>".,
]
`;

exports[`schema {"name":"<key>","deprecated":true,"redirect":{"key":"<transfer-key>","value":"<transfer-value>"}} with input {"<key>":"<value>"} 1`] = `
[
  "<key>" is deprecated; we now treat it as { "<transfer-key>": "<transfer-value>" }.,
]
`;

exports[`schema {"name":"<key>","deprecated":true} with input {"<key>":"<value>"} 1`] = `
[
  "<key>" is deprecated.,
]
`;

exports[`schema {"name":"<key>","validate":{"value":"<invalid-value>"}} with input {"<key>":"<value>"} 1`] = `[Error: Invalid "<key>" value. Expected <expected>, but received "<invalid-value>".]`;

exports[`schema {"name":"<key>","validate":false} with input {"<key>":"<value>"} 1`] = `[Error: Invalid "<key>" value. Expected <expected>, but received "<value>".]`;

exports[`schema {"name":"<key>"} with input {"<unknown-key>":"<unknown-value>"} 1`] = `
[
  Ignored unknown option { "<unknown-key>": "<unknown-value>" }. Did you mean "<known-key>"?,
]
`;

exports[`schema {"name":"<key>"} with input {"veryUnknown":"<very-unknown-value>"} 1`] = `
[
  Ignored unknown option { veryUnknown: "<very-unknown-value>" }.,
]
`;
